--- Start BURT header
Time:      Thu Dec 10 14:15:04 2020
Login ID: controls ()
Eff  UID: 1001 
Group ID: 1001 
Keywords:
Comments:
Type:     Absolute  
Directory: /opt/rtcds/kamioka/k1/target/k1visprmt/k1visprmtepics/burt/
Req File: autoBurt.req 
--- End BURT header
K1:FEC-55_BURT_RESTORE 1 1.000000000000000e+00 1
K1:VIS-PRM_BF_COILOUTF_GAS_GAIN 1 1.000000000000000e+00 1
K1:VIS-PRM_BF_COILOUTF_GAS_LIMIT 1 0.000000000000000e+00 1
K1:VIS-PRM_BF_COILOUTF_GAS_OFFSET 1 1.000000000000000e+04 1
K1:VIS-PRM_BF_COILOUTF_GAS_SW1S 1 1.672400000000000e+04 0xffffffff
K1:VIS-PRM_BF_COILOUTF_GAS_SW2S 1 1.541000000000000e+03 0xffffffff
K1:VIS-PRM_BF_COILOUTF_GAS_TRAMP 1 5.000000000000000e+00 1
K1:VIS-PRM_BF_COILOUTF_H1_GAIN 1 -1.000000000000000e+00 1
K1:VIS-PRM_BF_COILOUTF_H1_LIMIT 1 0.000000000000000e+00 1
K1:VIS-PRM_BF_COILOUTF_H1_OFFSET 1 2.000000000000000e+03 1
K1:VIS-PRM_BF_COILOUTF_H1_SW1S 1 1.672400000000000e+04 0xffffffff
K1:VIS-PRM_BF_COILOUTF_H1_SW2S 1 1.541000000000000e+03 0xffffffff
K1:VIS-PRM_BF_COILOUTF_H1_TRAMP 1 3.000000000000000e+00 1
K1:VIS-PRM_BF_COILOUTF_H2_GAIN 1 -1.000000000000000e+00 1
K1:VIS-PRM_BF_COILOUTF_H2_LIMIT 1 0.000000000000000e+00 1
K1:VIS-PRM_BF_COILOUTF_H2_OFFSET 1 5.000000000000000e+03 1
K1:VIS-PRM_BF_COILOUTF_H2_SW1S 1 1.672400000000000e+04 0xffffffff
K1:VIS-PRM_BF_COILOUTF_H2_SW2S 1 1.541000000000000e+03 0xffffffff
K1:VIS-PRM_BF_COILOUTF_H2_TRAMP 1 3.000000000000000e+00 1
K1:VIS-PRM_BF_COILOUTF_H3_GAIN 1 -1.000000000000000e+00 1
K1:VIS-PRM_BF_COILOUTF_H3_LIMIT 1 0.000000000000000e+00 1
K1:VIS-PRM_BF_COILOUTF_H3_OFFSET 1 5.000000000000000e+03 1
K1:VIS-PRM_BF_COILOUTF_H3_SW1S 1 1.672400000000000e+04 0xffffffff
K1:VIS-PRM_BF_COILOUTF_H3_SW2S 1 1.541000000000000e+03 0xffffffff
K1:VIS-PRM_BF_COILOUTF_H3_TRAMP 1 3.000000000000000e+00 1
K1:VIS-PRM_BF_COILOUTF_V1_GAIN 1 -1.000000000000000e+00 1
K1:VIS-PRM_BF_COILOUTF_V1_LIMIT 1 0.000000000000000e+00 1
K1:VIS-PRM_BF_COILOUTF_V1_OFFSET 1 5.000000000000000e+03 1
K1:VIS-PRM_BF_COILOUTF_V1_SW1S 1 1.672400000000000e+04 0xffffffff
K1:VIS-PRM_BF_COILOUTF_V1_SW2S 1 1.541000000000000e+03 0xffffffff
K1:VIS-PRM_BF_COILOUTF_V1_TRAMP 1 3.000000000000000e+00 1
K1:VIS-PRM_BF_COILOUTF_V2_GAIN 1 -1.000000000000000e+00 1
K1:VIS-PRM_BF_COILOUTF_V2_LIMIT 1 0.000000000000000e+00 1
K1:VIS-PRM_BF_COILOUTF_V2_OFFSET 1 5.000000000000000e+03 1
K1:VIS-PRM_BF_COILOUTF_V2_SW1S 1 1.672400000000000e+04 0xffffffff
K1:VIS-PRM_BF_COILOUTF_V2_SW2S 1 1.541000000000000e+03 0xffffffff
K1:VIS-PRM_BF_COILOUTF_V2_TRAMP 1 3.000000000000000e+00 1
K1:VIS-PRM_BF_COILOUTF_V3_GAIN 1 -1.000000000000000e+00 1
K1:VIS-PRM_BF_COILOUTF_V3_LIMIT 1 0.000000000000000e+00 1
K1:VIS-PRM_BF_COILOUTF_V3_OFFSET 1 5.000000000000000e+03 1
K1:VIS-PRM_BF_COILOUTF_V3_SW1S 1 1.672400000000000e+04 0xffffffff
K1:VIS-PRM_BF_COILOUTF_V3_SW2S 1 1.541000000000000e+03 0xffffffff
K1:VIS-PRM_BF_COILOUTF_V3_TRAMP 1 3.000000000000000e+00 1
K1:VIS-PRM_BF_DAMP_GAS_GAIN 1 1.000000000000000e+00 1
K1:VIS-PRM_BF_DAMP_GAS_LIMIT 1 6.000000000000000e+04 1
K1:VIS-PRM_BF_DAMP_GAS_OFFSET 1 0.000000000000000e+00 1
K1:VIS-PRM_BF_DAMP_GAS_STATE_GOOD 1 0.000000000000000e+00 1
K1:VIS-PRM_BF_DAMP_GAS_SW1S 1 7.600000000000000e+01 0xffffffff
K1:VIS-PRM_BF_DAMP_GAS_SW2S 1 1.808000000000000e+03 0xffffffff
K1:VIS-PRM_BF_DAMP_GAS_TRAMP 1 5.000000000000000e-01 1
K1:VIS-PRM_BF_DAMP_L_GAIN 1 1.000000000000000e+00 1
K1:VIS-PRM_BF_DAMP_L_LIMIT 1 6.000000000000000e+04 1
K1:VIS-PRM_BF_DAMP_L_OFFSET 1 0.000000000000000e+00 1
K1:VIS-PRM_BF_DAMP_L_STATE_GOOD 1 0.000000000000000e+00 1
K1:VIS-PRM_BF_DAMP_L_SW1S 1 1.116000000000000e+03 0xffffffff
K1:VIS-PRM_BF_DAMP_L_SW2S 1 1.792000000000000e+03 0xffffffff
K1:VIS-PRM_BF_DAMP_L_TRAMP 1 3.000000000000000e+00 1
K1:VIS-PRM_BF_DAMP_P_GAIN 1 1.000000000000000e+00 1
K1:VIS-PRM_BF_DAMP_P_LIMIT 1 6.000000000000000e+04 1
K1:VIS-PRM_BF_DAMP_P_OFFSET 1 0.000000000000000e+00 1
K1:VIS-PRM_BF_DAMP_P_STATE_GOOD 1 0.000000000000000e+00 1
K1:VIS-PRM_BF_DAMP_P_SW1S 1 5.212000000000000e+03 0xffffffff
K1:VIS-PRM_BF_DAMP_P_SW2S 1 1.792000000000000e+03 0xffffffff
K1:VIS-PRM_BF_DAMP_P_TRAMP 1 3.000000000000000e+00 1
K1:VIS-PRM_BF_DAMP_R_GAIN 1 1.000000000000000e+00 1
K1:VIS-PRM_BF_DAMP_R_LIMIT 1 6.000000000000000e+04 1
K1:VIS-PRM_BF_DAMP_R_OFFSET 1 0.000000000000000e+00 1
K1:VIS-PRM_BF_DAMP_R_STATE_GOOD 1 0.000000000000000e+00 1
K1:VIS-PRM_BF_DAMP_R_SW1S 1 5.212000000000000e+03 0xffffffff
K1:VIS-PRM_BF_DAMP_R_SW2S 1 1.792000000000000e+03 0xffffffff
K1:VIS-PRM_BF_DAMP_R_TRAMP 1 3.000000000000000e+00 1
K1:VIS-PRM_BF_DAMP_T_GAIN 1 1.000000000000000e+00 1
K1:VIS-PRM_BF_DAMP_T_LIMIT 1 6.000000000000000e+04 1
K1:VIS-PRM_BF_DAMP_T_OFFSET 1 0.000000000000000e+00 1
K1:VIS-PRM_BF_DAMP_T_STATE_GOOD 1 0.000000000000000e+00 1
K1:VIS-PRM_BF_DAMP_T_SW1S 1 1.116000000000000e+03 0xffffffff
K1:VIS-PRM_BF_DAMP_T_SW2S 1 1.792000000000000e+03 0xffffffff
K1:VIS-PRM_BF_DAMP_T_TRAMP 1 3.000000000000000e+00 1
K1:VIS-PRM_BF_DAMP_V_GAIN 1 1.000000000000000e+00 1
K1:VIS-PRM_BF_DAMP_V_LIMIT 1 6.000000000000000e+04 1
K1:VIS-PRM_BF_DAMP_V_OFFSET 1 0.000000000000000e+00 1
K1:VIS-PRM_BF_DAMP_V_STATE_GOOD 1 0.000000000000000e+00 1
K1:VIS-PRM_BF_DAMP_V_SW1S 1 1.116000000000000e+03 0xffffffff
K1:VIS-PRM_BF_DAMP_V_SW2S 1 1.792000000000000e+03 0xffffffff
K1:VIS-PRM_BF_DAMP_V_TRAMP 1 3.000000000000000e+00 1
K1:VIS-PRM_BF_DAMP_Y_GAIN 1 1.000000000000000e+00 1
K1:VIS-PRM_BF_DAMP_Y_LIMIT 1 6.000000000000000e+04 1
K1:VIS-PRM_BF_DAMP_Y_OFFSET 1 0.000000000000000e+00 1
K1:VIS-PRM_BF_DAMP_Y_STATE_GOOD 1 0.000000000000000e+00 1
K1:VIS-PRM_BF_DAMP_Y_SW1S 1 5.212000000000000e+03 0xffffffff
K1:VIS-PRM_BF_DAMP_Y_SW2S 1 1.792000000000000e+03 0xffffffff
K1:VIS-PRM_BF_DAMP_Y_TRAMP 1 3.000000000000000e+00 1
K1:VIS-PRM_BF_DRIVEALIGN_L2L_GAIN 1 1.000000000000000e+00 1
K1:VIS-PRM_BF_DRIVEALIGN_L2L_LIMIT 1 0.000000000000000e+00 1
K1:VIS-PRM_BF_DRIVEALIGN_L2L_OFFSET 1 0.000000000000000e+00 1
K1:VIS-PRM_BF_DRIVEALIGN_L2L_SW1S 1 4.000000000000000e+00 0xffffffff
K1:VIS-PRM_BF_DRIVEALIGN_L2L_SW2S 1 1.536000000000000e+03 0xffffffff
K1:VIS-PRM_BF_DRIVEALIGN_L2L_TRAMP 1 0.000000000000000e+00 1
K1:VIS-PRM_BF_DRIVEALIGN_L2P_GAIN 1 1.000000000000000e+00 1
K1:VIS-PRM_BF_DRIVEALIGN_L2P_LIMIT 1 0.000000000000000e+00 1
K1:VIS-PRM_BF_DRIVEALIGN_L2P_OFFSET 1 0.000000000000000e+00 1
K1:VIS-PRM_BF_DRIVEALIGN_L2P_SW1S 1 4.000000000000000e+00 0xffffffff
K1:VIS-PRM_BF_DRIVEALIGN_L2P_SW2S 1 5.120000000000000e+02 0xffffffff
K1:VIS-PRM_BF_DRIVEALIGN_L2P_TRAMP 1 0.000000000000000e+00 1
K1:VIS-PRM_BF_DRIVEALIGN_L2Y_GAIN 1 1.000000000000000e+00 1
K1:VIS-PRM_BF_DRIVEALIGN_L2Y_LIMIT 1 0.000000000000000e+00 1
K1:VIS-PRM_BF_DRIVEALIGN_L2Y_OFFSET 1 0.000000000000000e+00 1
K1:VIS-PRM_BF_DRIVEALIGN_L2Y_SW1S 1 4.000000000000000e+00 0xffffffff
K1:VIS-PRM_BF_DRIVEALIGN_L2Y_SW2S 1 5.120000000000000e+02 0xffffffff
K1:VIS-PRM_BF_DRIVEALIGN_L2Y_TRAMP 1 0.000000000000000e+00 1
K1:VIS-PRM_BF_DRIVEALIGN_P2L_GAIN 1 1.000000000000000e+00 1
K1:VIS-PRM_BF_DRIVEALIGN_P2L_LIMIT 1 0.000000000000000e+00 1
K1:VIS-PRM_BF_DRIVEALIGN_P2L_OFFSET 1 0.000000000000000e+00 1
K1:VIS-PRM_BF_DRIVEALIGN_P2L_SW1S 1 4.000000000000000e+00 0xffffffff
K1:VIS-PRM_BF_DRIVEALIGN_P2L_SW2S 1 5.120000000000000e+02 0xffffffff
K1:VIS-PRM_BF_DRIVEALIGN_P2L_TRAMP 1 0.000000000000000e+00 1
K1:VIS-PRM_BF_DRIVEALIGN_P2P_GAIN 1 1.000000000000000e+00 1
K1:VIS-PRM_BF_DRIVEALIGN_P2P_LIMIT 1 0.000000000000000e+00 1
K1:VIS-PRM_BF_DRIVEALIGN_P2P_OFFSET 1 0.000000000000000e+00 1
K1:VIS-PRM_BF_DRIVEALIGN_P2P_SW1S 1 4.000000000000000e+00 0xffffffff
K1:VIS-PRM_BF_DRIVEALIGN_P2P_SW2S 1 1.536000000000000e+03 0xffffffff
K1:VIS-PRM_BF_DRIVEALIGN_P2P_TRAMP 1 0.000000000000000e+00 1
K1:VIS-PRM_BF_DRIVEALIGN_P2Y_GAIN 1 1.000000000000000e+00 1
K1:VIS-PRM_BF_DRIVEALIGN_P2Y_LIMIT 1 0.000000000000000e+00 1
K1:VIS-PRM_BF_DRIVEALIGN_P2Y_OFFSET 1 0.000000000000000e+00 1
K1:VIS-PRM_BF_DRIVEALIGN_P2Y_SW1S 1 4.000000000000000e+00 0xffffffff
K1:VIS-PRM_BF_DRIVEALIGN_P2Y_SW2S 1 5.120000000000000e+02 0xffffffff
K1:VIS-PRM_BF_DRIVEALIGN_P2Y_TRAMP 1 0.000000000000000e+00 1
K1:VIS-PRM_BF_DRIVEALIGN_Y2L_GAIN 1 1.000000000000000e+00 1
K1:VIS-PRM_BF_DRIVEALIGN_Y2L_LIMIT 1 0.000000000000000e+00 1
K1:VIS-PRM_BF_DRIVEALIGN_Y2L_OFFSET 1 0.000000000000000e+00 1
K1:VIS-PRM_BF_DRIVEALIGN_Y2L_SW1S 1 4.000000000000000e+00 0xffffffff
K1:VIS-PRM_BF_DRIVEALIGN_Y2L_SW2S 1 5.120000000000000e+02 0xffffffff
K1:VIS-PRM_BF_DRIVEALIGN_Y2L_TRAMP 1 0.000000000000000e+00 1
K1:VIS-PRM_BF_DRIVEALIGN_Y2P_GAIN 1 1.000000000000000e+00 1
K1:VIS-PRM_BF_DRIVEALIGN_Y2P_LIMIT 1 0.000000000000000e+00 1
K1:VIS-PRM_BF_DRIVEALIGN_Y2P_OFFSET 1 0.000000000000000e+00 1
K1:VIS-PRM_BF_DRIVEALIGN_Y2P_SW1S 1 4.000000000000000e+00 0xffffffff
K1:VIS-PRM_BF_DRIVEALIGN_Y2P_SW2S 1 5.120000000000000e+02 0xffffffff
K1:VIS-PRM_BF_DRIVEALIGN_Y2P_TRAMP 1 0.000000000000000e+00 1
K1:VIS-PRM_BF_DRIVEALIGN_Y2Y_GAIN 1 1.000000000000000e+00 1
K1:VIS-PRM_BF_DRIVEALIGN_Y2Y_LIMIT 1 0.000000000000000e+00 1
K1:VIS-PRM_BF_DRIVEALIGN_Y2Y_OFFSET 1 0.000000000000000e+00 1
K1:VIS-PRM_BF_DRIVEALIGN_Y2Y_SW1S 1 4.000000000000000e+00 0xffffffff
K1:VIS-PRM_BF_DRIVEALIGN_Y2Y_SW2S 1 1.536000000000000e+03 0xffffffff
K1:VIS-PRM_BF_DRIVEALIGN_Y2Y_TRAMP 1 0.000000000000000e+00 1
K1:VIS-PRM_BF_EUL2COIL_1_1 1 0.000000000000000e+00 1
K1:VIS-PRM_BF_EUL2COIL_1_2 1 0.000000000000000e+00 1
K1:VIS-PRM_BF_EUL2COIL_1_3 1 3.333300000000000e-01 1
K1:VIS-PRM_BF_EUL2COIL_1_4 1 -2.280100000000000e-01 1
K1:VIS-PRM_BF_EUL2COIL_1_5 1 -6.246400000000000e-01 1
K1:VIS-PRM_BF_EUL2COIL_1_6 1 0.000000000000000e+00 1
K1:VIS-PRM_BF_EUL2COIL_2_1 1 0.000000000000000e+00 1
K1:VIS-PRM_BF_EUL2COIL_2_2 1 0.000000000000000e+00 1
K1:VIS-PRM_BF_EUL2COIL_2_3 1 3.333300000000000e-01 1
K1:VIS-PRM_BF_EUL2COIL_2_4 1 6.565390000000000e-01 1
K1:VIS-PRM_BF_EUL2COIL_2_5 1 1.157650000000000e-01 1
K1:VIS-PRM_BF_EUL2COIL_2_6 1 0.000000000000000e+00 1
K1:VIS-PRM_BF_EUL2COIL_3_1 1 0.000000000000000e+00 1
K1:VIS-PRM_BF_EUL2COIL_3_2 1 0.000000000000000e+00 1
K1:VIS-PRM_BF_EUL2COIL_3_3 1 3.333300000000000e-01 1
K1:VIS-PRM_BF_EUL2COIL_3_4 1 -4.285200000000000e-01 1
K1:VIS-PRM_BF_EUL2COIL_3_5 1 5.106960000000000e-01 1
K1:VIS-PRM_BF_EUL2COIL_3_6 1 0.000000000000000e+00 1
K1:VIS-PRM_BF_EUL2COIL_4_1 1 -5.199230000000000e-01 1
K1:VIS-PRM_BF_EUL2COIL_4_2 1 4.172820000000000e-01 1
K1:VIS-PRM_BF_EUL2COIL_4_3 1 0.000000000000000e+00 1
K1:VIS-PRM_BF_EUL2COIL_4_4 1 0.000000000000000e+00 1
K1:VIS-PRM_BF_EUL2COIL_4_5 1 0.000000000000000e+00 1
K1:VIS-PRM_BF_EUL2COIL_4_6 1 3.333300000000000e-01 1
K1:VIS-PRM_BF_EUL2COIL_5_1 1 -1.014100000000000e-01 1
K1:VIS-PRM_BF_EUL2COIL_5_2 1 -6.589000000000000e-01 1
K1:VIS-PRM_BF_EUL2COIL_5_3 1 0.000000000000000e+00 1
K1:VIS-PRM_BF_EUL2COIL_5_4 1 0.000000000000000e+00 1
K1:VIS-PRM_BF_EUL2COIL_5_5 1 0.000000000000000e+00 1
K1:VIS-PRM_BF_EUL2COIL_5_6 1 3.333300000000000e-01 1
K1:VIS-PRM_BF_EUL2COIL_6_1 1 6.213390000000000e-01 1
K1:VIS-PRM_BF_EUL2COIL_6_2 1 2.416250000000000e-01 1
K1:VIS-PRM_BF_EUL2COIL_6_3 1 0.000000000000000e+00 1
K1:VIS-PRM_BF_EUL2COIL_6_4 1 0.000000000000000e+00 1
K1:VIS-PRM_BF_EUL2COIL_6_5 1 0.000000000000000e+00 1
K1:VIS-PRM_BF_EUL2COIL_6_6 1 3.333300000000000e-01 1
K1:VIS-PRM_BF_FF_L2P_GAIN 1 0.000000000000000e+00 1
K1:VIS-PRM_BF_FF_L2P_LIMIT 1 0.000000000000000e+00 1
K1:VIS-PRM_BF_FF_L2P_OFFSET 1 0.000000000000000e+00 1
K1:VIS-PRM_BF_FF_L2P_SW1S 1 4.000000000000000e+00 0xffffffff
K1:VIS-PRM_BF_FF_L2P_SW2S 1 5.120000000000000e+02 0xffffffff
K1:VIS-PRM_BF_FF_L2P_TRAMP 1 0.000000000000000e+00 1
K1:VIS-PRM_BF_FF_L_GAIN 1 0.000000000000000e+00 1
K1:VIS-PRM_BF_FF_L_LIMIT 1 0.000000000000000e+00 1
K1:VIS-PRM_BF_FF_L_OFFSET 1 0.000000000000000e+00 1
K1:VIS-PRM_BF_FF_L_SW1S 1 4.000000000000000e+00 0xffffffff
K1:VIS-PRM_BF_FF_L_SW2S 1 5.120000000000000e+02 0xffffffff
K1:VIS-PRM_BF_FF_L_TRAMP 1 0.000000000000000e+00 1
K1:VIS-PRM_BF_FF_T2R_GAIN 1 0.000000000000000e+00 1
K1:VIS-PRM_BF_FF_T2R_LIMIT 1 0.000000000000000e+00 1
K1:VIS-PRM_BF_FF_T2R_OFFSET 1 0.000000000000000e+00 1
K1:VIS-PRM_BF_FF_T2R_SW1S 1 4.000000000000000e+00 0xffffffff
K1:VIS-PRM_BF_FF_T2R_SW2S 1 5.120000000000000e+02 0xffffffff
K1:VIS-PRM_BF_FF_T2R_TRAMP 1 0.000000000000000e+00 1
K1:VIS-PRM_BF_FF_T_GAIN 1 0.000000000000000e+00 1
K1:VIS-PRM_BF_FF_T_LIMIT 1 0.000000000000000e+00 1
K1:VIS-PRM_BF_FF_T_OFFSET 1 0.000000000000000e+00 1
K1:VIS-PRM_BF_FF_T_SW1S 1 4.000000000000000e+00 0xffffffff
K1:VIS-PRM_BF_FF_T_SW2S 1 5.120000000000000e+02 0xffffffff
K1:VIS-PRM_BF_FF_T_TRAMP 1 0.000000000000000e+00 1
K1:VIS-PRM_BF_GAS_EFFMON_OSC_CLKGAIN 1 0.000000000000000e+00 1
K1:VIS-PRM_BF_GAS_EFFMON_OSC_COSGAIN 1 0.000000000000000e+00 1
K1:VIS-PRM_BF_GAS_EFFMON_OSC_FREQ 1 0.000000000000000e+00 1
K1:VIS-PRM_BF_GAS_EFFMON_OSC_SINGAIN 1 0.000000000000000e+00 1
K1:VIS-PRM_BF_GAS_EFFMON_OSC_TRAMP 1 0.000000000000000e+00 1
K1:VIS-PRM_BF_LOCK_L_GAIN 1 0.000000000000000e+00 1
K1:VIS-PRM_BF_LOCK_L_LIMIT 1 0.000000000000000e+00 1
K1:VIS-PRM_BF_LOCK_L_OFFSET 1 0.000000000000000e+00 1
K1:VIS-PRM_BF_LOCK_L_STATE_GOOD 1 0.000000000000000e+00 1
K1:VIS-PRM_BF_LOCK_L_SW1S 1 5.460000000000000e+03 0xffffffff
K1:VIS-PRM_BF_LOCK_L_SW2S 1 1.536000000000000e+03 0xffffffff
K1:VIS-PRM_BF_LOCK_L_TRAMP 1 2.000000000000000e+00 1
K1:VIS-PRM_BF_LOCK_P_GAIN 1 0.000000000000000e+00 1
K1:VIS-PRM_BF_LOCK_P_LIMIT 1 0.000000000000000e+00 1
K1:VIS-PRM_BF_LOCK_P_OFFSET 1 0.000000000000000e+00 1
K1:VIS-PRM_BF_LOCK_P_STATE_GOOD 1 0.000000000000000e+00 1
K1:VIS-PRM_BF_LOCK_P_SW1S 1 4.000000000000000e+00 0xffffffff
K1:VIS-PRM_BF_LOCK_P_SW2S 1 1.536000000000000e+03 0xffffffff
K1:VIS-PRM_BF_LOCK_P_TRAMP 1 0.000000000000000e+00 1
K1:VIS-PRM_BF_LOCK_Y_GAIN 1 1.000000000000000e+00 1
K1:VIS-PRM_BF_LOCK_Y_LIMIT 1 0.000000000000000e+00 1
K1:VIS-PRM_BF_LOCK_Y_OFFSET 1 0.000000000000000e+00 1
K1:VIS-PRM_BF_LOCK_Y_STATE_GOOD 1 0.000000000000000e+00 1
K1:VIS-PRM_BF_LOCK_Y_SW1S 1 0.000000000000000e+00 0xffffffff
K1:VIS-PRM_BF_LOCK_Y_SW2S 1 1.536000000000000e+03 0xffffffff
K1:VIS-PRM_BF_LOCK_Y_TRAMP 1 0.000000000000000e+00 1
K1:VIS-PRM_BF_LVDTINF_GAS_GAIN 1 2.413000000000000e-01 1
K1:VIS-PRM_BF_LVDTINF_GAS_LIMIT 1 0.000000000000000e+00 1
K1:VIS-PRM_BF_LVDTINF_GAS_OFFSET 1 0.000000000000000e+00 1
K1:VIS-PRM_BF_LVDTINF_GAS_SW1S 1 4.000000000000000e+00 0xffffffff
K1:VIS-PRM_BF_LVDTINF_GAS_SW2S 1 1.536000000000000e+03 0xffffffff
K1:VIS-PRM_BF_LVDTINF_GAS_TRAMP 1 0.000000000000000e+00 1
K1:VIS-PRM_BF_LVDTINF_H1_GAIN 1 -9.733000000000001e-01 1
K1:VIS-PRM_BF_LVDTINF_H1_LIMIT 1 0.000000000000000e+00 1
K1:VIS-PRM_BF_LVDTINF_H1_OFFSET 1 0.000000000000000e+00 1
K1:VIS-PRM_BF_LVDTINF_H1_SW1S 1 4.000000000000000e+00 0xffffffff
K1:VIS-PRM_BF_LVDTINF_H1_SW2S 1 1.536000000000000e+03 0xffffffff
K1:VIS-PRM_BF_LVDTINF_H1_TRAMP 1 0.000000000000000e+00 1
K1:VIS-PRM_BF_LVDTINF_H2_GAIN 1 -9.399999999999999e-01 1
K1:VIS-PRM_BF_LVDTINF_H2_LIMIT 1 0.000000000000000e+00 1
K1:VIS-PRM_BF_LVDTINF_H2_OFFSET 1 0.000000000000000e+00 1
K1:VIS-PRM_BF_LVDTINF_H2_SW1S 1 4.000000000000000e+00 0xffffffff
K1:VIS-PRM_BF_LVDTINF_H2_SW2S 1 1.536000000000000e+03 0xffffffff
K1:VIS-PRM_BF_LVDTINF_H2_TRAMP 1 0.000000000000000e+00 1
K1:VIS-PRM_BF_LVDTINF_H3_GAIN 1 -9.450000000000000e-01 1
K1:VIS-PRM_BF_LVDTINF_H3_LIMIT 1 0.000000000000000e+00 1
K1:VIS-PRM_BF_LVDTINF_H3_OFFSET 1 0.000000000000000e+00 1
K1:VIS-PRM_BF_LVDTINF_H3_SW1S 1 4.000000000000000e+00 0xffffffff
K1:VIS-PRM_BF_LVDTINF_H3_SW2S 1 1.536000000000000e+03 0xffffffff
K1:VIS-PRM_BF_LVDTINF_H3_TRAMP 1 0.000000000000000e+00 1
K1:VIS-PRM_BF_LVDTINF_V1_GAIN 1 9.406000000000000e-01 1
K1:VIS-PRM_BF_LVDTINF_V1_LIMIT 1 0.000000000000000e+00 1
K1:VIS-PRM_BF_LVDTINF_V1_OFFSET 1 0.000000000000000e+00 1
K1:VIS-PRM_BF_LVDTINF_V1_SW1S 1 4.000000000000000e+00 0xffffffff
K1:VIS-PRM_BF_LVDTINF_V1_SW2S 1 1.536000000000000e+03 0xffffffff
K1:VIS-PRM_BF_LVDTINF_V1_TRAMP 1 0.000000000000000e+00 1
K1:VIS-PRM_BF_LVDTINF_V2_GAIN 1 -9.563000000000000e-01 1
K1:VIS-PRM_BF_LVDTINF_V2_LIMIT 1 0.000000000000000e+00 1
K1:VIS-PRM_BF_LVDTINF_V2_OFFSET 1 0.000000000000000e+00 1
K1:VIS-PRM_BF_LVDTINF_V2_SW1S 1 4.000000000000000e+00 0xffffffff
K1:VIS-PRM_BF_LVDTINF_V2_SW2S 1 1.536000000000000e+03 0xffffffff
K1:VIS-PRM_BF_LVDTINF_V2_TRAMP 1 0.000000000000000e+00 1
K1:VIS-PRM_BF_LVDTINF_V3_GAIN 1 9.538000000000000e-01 1
K1:VIS-PRM_BF_LVDTINF_V3_LIMIT 1 0.000000000000000e+00 1
K1:VIS-PRM_BF_LVDTINF_V3_OFFSET 1 0.000000000000000e+00 1
K1:VIS-PRM_BF_LVDTINF_V3_SW1S 1 4.000000000000000e+00 0xffffffff
K1:VIS-PRM_BF_LVDTINF_V3_SW2S 1 1.536000000000000e+03 0xffffffff
K1:VIS-PRM_BF_LVDTINF_V3_TRAMP 1 0.000000000000000e+00 1
K1:VIS-PRM_BF_OLDAMP_L_GAIN 1 1.000000000000000e+00 1
K1:VIS-PRM_BF_OLDAMP_L_LIMIT 1 0.000000000000000e+00 1
K1:VIS-PRM_BF_OLDAMP_L_OFFSET 1 0.000000000000000e+00 1
K1:VIS-PRM_BF_OLDAMP_L_STATE_GOOD 1 0.000000000000000e+00 1
K1:VIS-PRM_BF_OLDAMP_L_SW1S 1 1.364000000000000e+03 0xffffffff
K1:VIS-PRM_BF_OLDAMP_L_SW2S 1 1.536000000000000e+03 0xffffffff
K1:VIS-PRM_BF_OLDAMP_L_TRAMP 1 2.000000000000000e+00 1
K1:VIS-PRM_BF_OLDAMP_P_GAIN 1 0.000000000000000e+00 1
K1:VIS-PRM_BF_OLDAMP_P_LIMIT 1 0.000000000000000e+00 1
K1:VIS-PRM_BF_OLDAMP_P_OFFSET 1 0.000000000000000e+00 1
K1:VIS-PRM_BF_OLDAMP_P_STATE_GOOD 1 0.000000000000000e+00 1
K1:VIS-PRM_BF_OLDAMP_P_SW1S 1 4.000000000000000e+00 0xffffffff
K1:VIS-PRM_BF_OLDAMP_P_SW2S 1 1.536000000000000e+03 0xffffffff
K1:VIS-PRM_BF_OLDAMP_P_TRAMP 1 0.000000000000000e+00 1
K1:VIS-PRM_BF_OLDAMP_Y_GAIN 1 0.000000000000000e+00 1
K1:VIS-PRM_BF_OLDAMP_Y_LIMIT 1 0.000000000000000e+00 1
K1:VIS-PRM_BF_OLDAMP_Y_OFFSET 1 0.000000000000000e+00 1
K1:VIS-PRM_BF_OLDAMP_Y_STATE_GOOD 1 0.000000000000000e+00 1
K1:VIS-PRM_BF_OLDAMP_Y_SW1S 1 4.000000000000000e+00 0xffffffff
K1:VIS-PRM_BF_OLDAMP_Y_SW2S 1 1.536000000000000e+03 0xffffffff
K1:VIS-PRM_BF_OLDAMP_Y_TRAMP 1 0.000000000000000e+00 1
K1:VIS-PRM_BF_OPTICALIGN_GAS_GAIN 1 1.000000000000000e+00 1
K1:VIS-PRM_BF_OPTICALIGN_GAS_LIMIT 1 0.000000000000000e+00 1
K1:VIS-PRM_BF_OPTICALIGN_GAS_OFFSET 1 0.000000000000000e+00 1
K1:VIS-PRM_BF_OPTICALIGN_GAS_SW1S 1 4.000000000000000e+00 0xffffffff
K1:VIS-PRM_BF_OPTICALIGN_GAS_SW2S 1 1.536000000000000e+03 0xffffffff
K1:VIS-PRM_BF_OPTICALIGN_GAS_TRAMP 1 0.000000000000000e+00 1
K1:VIS-PRM_BF_OPTICALIGN_P_GAIN 1 1.000000000000000e+00 1
K1:VIS-PRM_BF_OPTICALIGN_P_LIMIT 1 0.000000000000000e+00 1
K1:VIS-PRM_BF_OPTICALIGN_P_OFFSET 1 0.000000000000000e+00 1
K1:VIS-PRM_BF_OPTICALIGN_P_SW1S 1 4.000000000000000e+00 0xffffffff
K1:VIS-PRM_BF_OPTICALIGN_P_SW2S 1 1.536000000000000e+03 0xffffffff
K1:VIS-PRM_BF_OPTICALIGN_P_TRAMP 1 0.000000000000000e+00 1
K1:VIS-PRM_BF_OPTICALIGN_Y_GAIN 1 1.000000000000000e+00 1
K1:VIS-PRM_BF_OPTICALIGN_Y_LIMIT 1 0.000000000000000e+00 1
K1:VIS-PRM_BF_OPTICALIGN_Y_OFFSET 1 0.000000000000000e+00 1
K1:VIS-PRM_BF_OPTICALIGN_Y_SW1S 1 4.000000000000000e+00 0xffffffff
K1:VIS-PRM_BF_OPTICALIGN_Y_SW2S 1 1.536000000000000e+03 0xffffffff
K1:VIS-PRM_BF_OPTICALIGN_Y_TRAMP 1 0.000000000000000e+00 1
K1:VIS-PRM_BF_PSD_P_GAIN 1 0.000000000000000e+00 1
K1:VIS-PRM_BF_PSD_P_LIMIT 1 0.000000000000000e+00 1
K1:VIS-PRM_BF_PSD_P_OFFSET 1 0.000000000000000e+00 1
K1:VIS-PRM_BF_PSD_P_SW1S 1 4.000000000000000e+00 0xffffffff
K1:VIS-PRM_BF_PSD_P_SW2S 1 1.536000000000000e+03 0xffffffff
K1:VIS-PRM_BF_PSD_P_TRAMP 1 5.000000000000000e+00 1
K1:VIS-PRM_BF_PSD_Y_GAIN 1 0.000000000000000e+00 1
K1:VIS-PRM_BF_PSD_Y_LIMIT 1 0.000000000000000e+00 1
K1:VIS-PRM_BF_PSD_Y_OFFSET 1 0.000000000000000e+00 1
K1:VIS-PRM_BF_PSD_Y_SW1S 1 4.000000000000000e+00 0xffffffff
K1:VIS-PRM_BF_PSD_Y_SW2S 1 1.536000000000000e+03 0xffffffff
K1:VIS-PRM_BF_PSD_Y_TRAMP 1 5.000000000000000e+00 1
K1:VIS-PRM_BF_SC_L2P_GAIN 1 0.000000000000000e+00 1
K1:VIS-PRM_BF_SC_L2P_LIMIT 1 0.000000000000000e+00 1
K1:VIS-PRM_BF_SC_L2P_OFFSET 1 0.000000000000000e+00 1
K1:VIS-PRM_BF_SC_L2P_SW1S 1 4.000000000000000e+00 0xffffffff
K1:VIS-PRM_BF_SC_L2P_SW2S 1 5.120000000000000e+02 0xffffffff
K1:VIS-PRM_BF_SC_L2P_TRAMP 1 0.000000000000000e+00 1
K1:VIS-PRM_BF_SC_L_GAIN 1 0.000000000000000e+00 1
K1:VIS-PRM_BF_SC_L_LIMIT 1 0.000000000000000e+00 1
K1:VIS-PRM_BF_SC_L_OFFSET 1 0.000000000000000e+00 1
K1:VIS-PRM_BF_SC_L_SW1S 1 4.000000000000000e+00 0xffffffff
K1:VIS-PRM_BF_SC_L_SW2S 1 5.120000000000000e+02 0xffffffff
K1:VIS-PRM_BF_SC_L_TRAMP 1 0.000000000000000e+00 1
K1:VIS-PRM_BF_SC_T2R_GAIN 1 0.000000000000000e+00 1
K1:VIS-PRM_BF_SC_T2R_LIMIT 1 0.000000000000000e+00 1
K1:VIS-PRM_BF_SC_T2R_OFFSET 1 0.000000000000000e+00 1
K1:VIS-PRM_BF_SC_T2R_SW1S 1 4.000000000000000e+00 0xffffffff
K1:VIS-PRM_BF_SC_T2R_SW2S 1 5.120000000000000e+02 0xffffffff
K1:VIS-PRM_BF_SC_T2R_TRAMP 1 0.000000000000000e+00 1
K1:VIS-PRM_BF_SC_T_GAIN 1 0.000000000000000e+00 1
K1:VIS-PRM_BF_SC_T_LIMIT 1 0.000000000000000e+00 1
K1:VIS-PRM_BF_SC_T_OFFSET 1 0.000000000000000e+00 1
K1:VIS-PRM_BF_SC_T_SW1S 1 4.000000000000000e+00 0xffffffff
K1:VIS-PRM_BF_SC_T_SW2S 1 5.120000000000000e+02 0xffffffff
K1:VIS-PRM_BF_SC_T_TRAMP 1 0.000000000000000e+00 1
K1:VIS-PRM_BF_SENS2EUL_1_1 1 0.000000000000000e+00 1
K1:VIS-PRM_BF_SENS2EUL_1_2 1 0.000000000000000e+00 1
K1:VIS-PRM_BF_SENS2EUL_1_3 1 0.000000000000000e+00 1
K1:VIS-PRM_BF_SENS2EUL_1_4 1 -5.199230000000000e-01 1
K1:VIS-PRM_BF_SENS2EUL_1_5 1 -1.014100000000000e-01 1
K1:VIS-PRM_BF_SENS2EUL_1_6 1 6.213390000000000e-01 1
K1:VIS-PRM_BF_SENS2EUL_2_1 1 0.000000000000000e+00 1
K1:VIS-PRM_BF_SENS2EUL_2_2 1 0.000000000000000e+00 1
K1:VIS-PRM_BF_SENS2EUL_2_3 1 0.000000000000000e+00 1
K1:VIS-PRM_BF_SENS2EUL_2_4 1 4.172820000000000e-01 1
K1:VIS-PRM_BF_SENS2EUL_2_5 1 -6.589000000000000e-01 1
K1:VIS-PRM_BF_SENS2EUL_2_6 1 2.416300000000000e-01 1
K1:VIS-PRM_BF_SENS2EUL_3_1 1 3.333000000000000e-01 1
K1:VIS-PRM_BF_SENS2EUL_3_2 1 3.333300000000000e-01 1
K1:VIS-PRM_BF_SENS2EUL_3_3 1 3.333300000000000e-01 1
K1:VIS-PRM_BF_SENS2EUL_3_4 1 0.000000000000000e+00 1
K1:VIS-PRM_BF_SENS2EUL_3_5 1 0.000000000000000e+00 1
K1:VIS-PRM_BF_SENS2EUL_3_6 1 0.000000000000000e+00 1
K1:VIS-PRM_BF_SENS2EUL_4_1 1 -5.273840000000000e-01 1
K1:VIS-PRM_BF_SENS2EUL_4_2 1 1.518550000000000e+00 1
K1:VIS-PRM_BF_SENS2EUL_4_3 1 -9.911600000000000e-01 1
K1:VIS-PRM_BF_SENS2EUL_4_4 1 0.000000000000000e+00 1
K1:VIS-PRM_BF_SENS2EUL_4_5 1 0.000000000000000e+00 1
K1:VIS-PRM_BF_SENS2EUL_4_6 1 0.000000000000000e+00 1
K1:VIS-PRM_BF_SENS2EUL_5_1 1 -1.448980000000000e+00 1
K1:VIS-PRM_BF_SENS2EUL_5_2 1 2.677600000000000e-01 1
K1:VIS-PRM_BF_SENS2EUL_5_3 1 1.181217900000000e+00 1
K1:VIS-PRM_BF_SENS2EUL_5_4 1 0.000000000000000e+00 1
K1:VIS-PRM_BF_SENS2EUL_5_5 1 0.000000000000000e+00 1
K1:VIS-PRM_BF_SENS2EUL_5_6 1 0.000000000000000e+00 1
K1:VIS-PRM_BF_SENS2EUL_6_1 1 0.000000000000000e+00 1
K1:VIS-PRM_BF_SENS2EUL_6_2 1 0.000000000000000e+00 1
K1:VIS-PRM_BF_SENS2EUL_6_3 1 0.000000000000000e+00 1
K1:VIS-PRM_BF_SENS2EUL_6_4 1 7.709800000000000e-01 1
K1:VIS-PRM_BF_SENS2EUL_6_5 1 7.709800000000000e-01 1
K1:VIS-PRM_BF_SENS2EUL_6_6 1 7.709800000000000e-01 1
K1:VIS-PRM_BF_SENSALIGN_1_1 1 1.000000000000000e+00 1
K1:VIS-PRM_BF_SENSALIGN_1_2 1 0.000000000000000e+00 1
K1:VIS-PRM_BF_SENSALIGN_1_3 1 0.000000000000000e+00 1
K1:VIS-PRM_BF_SENSALIGN_1_4 1 0.000000000000000e+00 1
K1:VIS-PRM_BF_SENSALIGN_1_5 1 0.000000000000000e+00 1
K1:VIS-PRM_BF_SENSALIGN_1_6 1 0.000000000000000e+00 1
K1:VIS-PRM_BF_SENSALIGN_2_1 1 0.000000000000000e+00 1
K1:VIS-PRM_BF_SENSALIGN_2_2 1 1.000000000000000e+00 1
K1:VIS-PRM_BF_SENSALIGN_2_3 1 0.000000000000000e+00 1
K1:VIS-PRM_BF_SENSALIGN_2_4 1 0.000000000000000e+00 1
K1:VIS-PRM_BF_SENSALIGN_2_5 1 0.000000000000000e+00 1
K1:VIS-PRM_BF_SENSALIGN_2_6 1 0.000000000000000e+00 1
K1:VIS-PRM_BF_SENSALIGN_3_1 1 0.000000000000000e+00 1
K1:VIS-PRM_BF_SENSALIGN_3_2 1 0.000000000000000e+00 1
K1:VIS-PRM_BF_SENSALIGN_3_3 1 1.000000000000000e+00 1
K1:VIS-PRM_BF_SENSALIGN_3_4 1 0.000000000000000e+00 1
K1:VIS-PRM_BF_SENSALIGN_3_5 1 0.000000000000000e+00 1
K1:VIS-PRM_BF_SENSALIGN_3_6 1 0.000000000000000e+00 1
K1:VIS-PRM_BF_SENSALIGN_4_1 1 0.000000000000000e+00 1
K1:VIS-PRM_BF_SENSALIGN_4_2 1 0.000000000000000e+00 1
K1:VIS-PRM_BF_SENSALIGN_4_3 1 0.000000000000000e+00 1
K1:VIS-PRM_BF_SENSALIGN_4_4 1 1.000000000000000e+00 1
K1:VIS-PRM_BF_SENSALIGN_4_5 1 0.000000000000000e+00 1
K1:VIS-PRM_BF_SENSALIGN_4_6 1 0.000000000000000e+00 1
K1:VIS-PRM_BF_SENSALIGN_5_1 1 0.000000000000000e+00 1
K1:VIS-PRM_BF_SENSALIGN_5_2 1 0.000000000000000e+00 1
K1:VIS-PRM_BF_SENSALIGN_5_3 1 0.000000000000000e+00 1
K1:VIS-PRM_BF_SENSALIGN_5_4 1 0.000000000000000e+00 1
K1:VIS-PRM_BF_SENSALIGN_5_5 1 1.000000000000000e+00 1
K1:VIS-PRM_BF_SENSALIGN_5_6 1 0.000000000000000e+00 1
K1:VIS-PRM_BF_SENSALIGN_6_1 1 0.000000000000000e+00 1
K1:VIS-PRM_BF_SENSALIGN_6_2 1 0.000000000000000e+00 1
K1:VIS-PRM_BF_SENSALIGN_6_3 1 0.000000000000000e+00 1
K1:VIS-PRM_BF_SENSALIGN_6_4 1 0.000000000000000e+00 1
K1:VIS-PRM_BF_SENSALIGN_6_5 1 0.000000000000000e+00 1
K1:VIS-PRM_BF_SENSALIGN_6_6 1 1.000000000000000e+00 1
K1:VIS-PRM_BF_SET_GAS_GAIN 1 1.000000000000000e+00 1
K1:VIS-PRM_BF_SET_GAS_LIMIT 1 0.000000000000000e+00 1
K1:VIS-PRM_BF_SET_GAS_OFFSET 1 1.275000000000000e+03 1
K1:VIS-PRM_BF_SET_GAS_SW1S 1 1.200000000000000e+01 0xffffffff
K1:VIS-PRM_BF_SET_GAS_SW2S 1 1.536000000000000e+03 0xffffffff
K1:VIS-PRM_BF_SET_GAS_TRAMP 1 0.000000000000000e+00 1
K1:VIS-PRM_BF_TEST_GAS_GAIN 1 0.000000000000000e+00 1
K1:VIS-PRM_BF_TEST_GAS_LIMIT 1 0.000000000000000e+00 1
K1:VIS-PRM_BF_TEST_GAS_OFFSET 1 0.000000000000000e+00 1
K1:VIS-PRM_BF_TEST_GAS_SW1S 1 4.000000000000000e+00 0xffffffff
K1:VIS-PRM_BF_TEST_GAS_SW2S 1 1.536000000000000e+03 0xffffffff
K1:VIS-PRM_BF_TEST_GAS_TRAMP 1 1.000000000000000e+01 1
K1:VIS-PRM_BF_TEST_L_GAIN 1 0.000000000000000e+00 1
K1:VIS-PRM_BF_TEST_L_LIMIT 1 0.000000000000000e+00 1
K1:VIS-PRM_BF_TEST_L_OFFSET 1 1.000000000000000e+01 1
K1:VIS-PRM_BF_TEST_L_SW1S 1 4.000000000000000e+00 0xffffffff
K1:VIS-PRM_BF_TEST_L_SW2S 1 1.536000000000000e+03 0xffffffff
K1:VIS-PRM_BF_TEST_L_TRAMP 1 5.000000000000000e+00 1
K1:VIS-PRM_BF_TEST_P_GAIN 1 0.000000000000000e+00 1
K1:VIS-PRM_BF_TEST_P_LIMIT 1 0.000000000000000e+00 1
K1:VIS-PRM_BF_TEST_P_OFFSET 1 0.000000000000000e+00 1
K1:VIS-PRM_BF_TEST_P_SW1S 1 4.000000000000000e+00 0xffffffff
K1:VIS-PRM_BF_TEST_P_SW2S 1 1.536000000000000e+03 0xffffffff
K1:VIS-PRM_BF_TEST_P_TRAMP 1 5.000000000000000e+00 1
K1:VIS-PRM_BF_TEST_R_GAIN 1 0.000000000000000e+00 1
K1:VIS-PRM_BF_TEST_R_LIMIT 1 0.000000000000000e+00 1
K1:VIS-PRM_BF_TEST_R_OFFSET 1 0.000000000000000e+00 1
K1:VIS-PRM_BF_TEST_R_SW1S 1 4.000000000000000e+00 0xffffffff
K1:VIS-PRM_BF_TEST_R_SW2S 1 1.536000000000000e+03 0xffffffff
K1:VIS-PRM_BF_TEST_R_TRAMP 1 5.000000000000000e+00 1
K1:VIS-PRM_BF_TEST_T_GAIN 1 0.000000000000000e+00 1
K1:VIS-PRM_BF_TEST_T_LIMIT 1 0.000000000000000e+00 1
K1:VIS-PRM_BF_TEST_T_OFFSET 1 0.000000000000000e+00 1
K1:VIS-PRM_BF_TEST_T_SW1S 1 4.000000000000000e+00 0xffffffff
K1:VIS-PRM_BF_TEST_T_SW2S 1 1.536000000000000e+03 0xffffffff
K1:VIS-PRM_BF_TEST_T_TRAMP 1 5.000000000000000e+00 1
K1:VIS-PRM_BF_TEST_V_GAIN 1 0.000000000000000e+00 1
K1:VIS-PRM_BF_TEST_V_LIMIT 1 0.000000000000000e+00 1
K1:VIS-PRM_BF_TEST_V_OFFSET 1 0.000000000000000e+00 1
K1:VIS-PRM_BF_TEST_V_SW1S 1 4.000000000000000e+00 0xffffffff
K1:VIS-PRM_BF_TEST_V_SW2S 1 1.536000000000000e+03 0xffffffff
K1:VIS-PRM_BF_TEST_V_TRAMP 1 5.000000000000000e+00 1
K1:VIS-PRM_BF_TEST_Y_GAIN 1 1.000000000000000e+00 1
K1:VIS-PRM_BF_TEST_Y_LIMIT 1 0.000000000000000e+00 1
K1:VIS-PRM_BF_TEST_Y_OFFSET 1 0.000000000000000e+00 1
K1:VIS-PRM_BF_TEST_Y_SW1S 1 1.200000000000000e+01 0xffffffff
K1:VIS-PRM_BF_TEST_Y_SW2S 1 1.536000000000000e+03 0xffffffff
K1:VIS-PRM_BF_TEST_Y_TRAMP 1 1.000000000000000e+01 1
K1:VIS-PRM_BF_WD_AC_BANDLIM_LVDT_GAS_GAIN 1 1.000000000000000e+00 1
K1:VIS-PRM_BF_WD_AC_BANDLIM_LVDT_GAS_LIMIT 1 0.000000000000000e+00 1
K1:VIS-PRM_BF_WD_AC_BANDLIM_LVDT_GAS_OFFSET 1 0.000000000000000e+00 1
K1:VIS-PRM_BF_WD_AC_BANDLIM_LVDT_GAS_SW1S 1 2.000000000000000e+01 0xffffffff
K1:VIS-PRM_BF_WD_AC_BANDLIM_LVDT_GAS_SW2S 1 1.536000000000000e+03 0xffffffff
K1:VIS-PRM_BF_WD_AC_BANDLIM_LVDT_GAS_TRAMP 1 0.000000000000000e+00 1
K1:VIS-PRM_BF_WD_AC_BANDLIM_LVDT_H1_GAIN 1 1.000000000000000e+00 1
K1:VIS-PRM_BF_WD_AC_BANDLIM_LVDT_H1_LIMIT 1 0.000000000000000e+00 1
K1:VIS-PRM_BF_WD_AC_BANDLIM_LVDT_H1_OFFSET 1 0.000000000000000e+00 1
K1:VIS-PRM_BF_WD_AC_BANDLIM_LVDT_H1_SW1S 1 2.000000000000000e+01 0xffffffff
K1:VIS-PRM_BF_WD_AC_BANDLIM_LVDT_H1_SW2S 1 1.536000000000000e+03 0xffffffff
K1:VIS-PRM_BF_WD_AC_BANDLIM_LVDT_H1_TRAMP 1 0.000000000000000e+00 1
K1:VIS-PRM_BF_WD_AC_BANDLIM_LVDT_H2_GAIN 1 1.000000000000000e+00 1
K1:VIS-PRM_BF_WD_AC_BANDLIM_LVDT_H2_LIMIT 1 0.000000000000000e+00 1
K1:VIS-PRM_BF_WD_AC_BANDLIM_LVDT_H2_OFFSET 1 0.000000000000000e+00 1
K1:VIS-PRM_BF_WD_AC_BANDLIM_LVDT_H2_SW1S 1 2.000000000000000e+01 0xffffffff
K1:VIS-PRM_BF_WD_AC_BANDLIM_LVDT_H2_SW2S 1 1.536000000000000e+03 0xffffffff
K1:VIS-PRM_BF_WD_AC_BANDLIM_LVDT_H2_TRAMP 1 0.000000000000000e+00 1
K1:VIS-PRM_BF_WD_AC_BANDLIM_LVDT_H3_GAIN 1 1.000000000000000e+00 1
K1:VIS-PRM_BF_WD_AC_BANDLIM_LVDT_H3_LIMIT 1 0.000000000000000e+00 1
K1:VIS-PRM_BF_WD_AC_BANDLIM_LVDT_H3_OFFSET 1 0.000000000000000e+00 1
K1:VIS-PRM_BF_WD_AC_BANDLIM_LVDT_H3_SW1S 1 2.000000000000000e+01 0xffffffff
K1:VIS-PRM_BF_WD_AC_BANDLIM_LVDT_H3_SW2S 1 1.536000000000000e+03 0xffffffff
K1:VIS-PRM_BF_WD_AC_BANDLIM_LVDT_H3_TRAMP 1 0.000000000000000e+00 1
K1:VIS-PRM_BF_WD_AC_BANDLIM_LVDT_V1_GAIN 1 1.000000000000000e+00 1
K1:VIS-PRM_BF_WD_AC_BANDLIM_LVDT_V1_LIMIT 1 0.000000000000000e+00 1
K1:VIS-PRM_BF_WD_AC_BANDLIM_LVDT_V1_OFFSET 1 0.000000000000000e+00 1
K1:VIS-PRM_BF_WD_AC_BANDLIM_LVDT_V1_SW1S 1 2.000000000000000e+01 0xffffffff
K1:VIS-PRM_BF_WD_AC_BANDLIM_LVDT_V1_SW2S 1 1.536000000000000e+03 0xffffffff
K1:VIS-PRM_BF_WD_AC_BANDLIM_LVDT_V1_TRAMP 1 0.000000000000000e+00 1
K1:VIS-PRM_BF_WD_AC_BANDLIM_LVDT_V2_GAIN 1 1.000000000000000e+00 1
K1:VIS-PRM_BF_WD_AC_BANDLIM_LVDT_V2_LIMIT 1 0.000000000000000e+00 1
K1:VIS-PRM_BF_WD_AC_BANDLIM_LVDT_V2_OFFSET 1 0.000000000000000e+00 1
K1:VIS-PRM_BF_WD_AC_BANDLIM_LVDT_V2_SW1S 1 2.000000000000000e+01 0xffffffff
K1:VIS-PRM_BF_WD_AC_BANDLIM_LVDT_V2_SW2S 1 1.536000000000000e+03 0xffffffff
K1:VIS-PRM_BF_WD_AC_BANDLIM_LVDT_V2_TRAMP 1 0.000000000000000e+00 1
K1:VIS-PRM_BF_WD_AC_BANDLIM_LVDT_V3_GAIN 1 1.000000000000000e+00 1
K1:VIS-PRM_BF_WD_AC_BANDLIM_LVDT_V3_LIMIT 1 0.000000000000000e+00 1
K1:VIS-PRM_BF_WD_AC_BANDLIM_LVDT_V3_OFFSET 1 0.000000000000000e+00 1
K1:VIS-PRM_BF_WD_AC_BANDLIM_LVDT_V3_SW1S 1 2.000000000000000e+01 0xffffffff
K1:VIS-PRM_BF_WD_AC_BANDLIM_LVDT_V3_SW2S 1 1.536000000000000e+03 0xffffffff
K1:VIS-PRM_BF_WD_AC_BANDLIM_LVDT_V3_TRAMP 1 0.000000000000000e+00 1
K1:VIS-PRM_BF_WD_AC_RMS_MAX 1 1.000000000000000e+04 1
K1:VIS-PRM_BIO_BFH_CTENABLE 1 0.000000000000000e+00 1
K1:VIS-PRM_BIO_BFH_MSDELAYOFF 1 0.000000000000000e+00 1
K1:VIS-PRM_BIO_BFH_MSDELAYON 1 0.000000000000000e+00 1
K1:VIS-PRM_BIO_BFH_STATEREQ 1 0.000000000000000e+00 1
K1:VIS-PRM_BIO_BFV_CTENABLE 1 0.000000000000000e+00 1
K1:VIS-PRM_BIO_BFV_MSDELAYOFF 1 0.000000000000000e+00 1
K1:VIS-PRM_BIO_BFV_MSDELAYON 1 0.000000000000000e+00 1
K1:VIS-PRM_BIO_BFV_STATEREQ 1 0.000000000000000e+00 1
K1:VIS-PRM_BIO_GAS_CTENABLE 1 0.000000000000000e+00 1
K1:VIS-PRM_BIO_GAS_MSDELAYOFF 1 0.000000000000000e+00 1
K1:VIS-PRM_BIO_GAS_MSDELAYON 1 0.000000000000000e+00 1
K1:VIS-PRM_BIO_GAS_STATEREQ 1 0.000000000000000e+00 1
K1:VIS-PRM_PICO_BF_STATUS 1 0.000000000000000e+00 1
K1:VIS-PRM_SF_COILOUTF_GAS_GAIN 1 1.000000000000000e+00 1
K1:VIS-PRM_SF_COILOUTF_GAS_LIMIT 1 0.000000000000000e+00 1
K1:VIS-PRM_SF_COILOUTF_GAS_OFFSET 1 0.000000000000000e+00 1
K1:VIS-PRM_SF_COILOUTF_GAS_SW1S 1 1.672400000000000e+04 0xffffffff
K1:VIS-PRM_SF_COILOUTF_GAS_SW2S 1 1.541000000000000e+03 0xffffffff
K1:VIS-PRM_SF_COILOUTF_GAS_TRAMP 1 0.000000000000000e+00 1
K1:VIS-PRM_SF_DAMP_GAS_GAIN 1 1.000000000000000e+00 1
K1:VIS-PRM_SF_DAMP_GAS_LIMIT 1 6.000000000000000e+04 1
K1:VIS-PRM_SF_DAMP_GAS_OFFSET 1 0.000000000000000e+00 1
K1:VIS-PRM_SF_DAMP_GAS_STATE_GOOD 1 0.000000000000000e+00 1
K1:VIS-PRM_SF_DAMP_GAS_SW1S 1 2.158000000000000e+04 0xffffffff
K1:VIS-PRM_SF_DAMP_GAS_SW2S 1 1.792000000000000e+03 0xffffffff
K1:VIS-PRM_SF_DAMP_GAS_TRAMP 1 5.000000000000000e-01 1
K1:VIS-PRM_SF_FF_Z_GAIN 1 0.000000000000000e+00 1
K1:VIS-PRM_SF_FF_Z_LIMIT 1 0.000000000000000e+00 1
K1:VIS-PRM_SF_FF_Z_OFFSET 1 0.000000000000000e+00 1
K1:VIS-PRM_SF_FF_Z_SW1S 1 4.000000000000000e+00 0xffffffff
K1:VIS-PRM_SF_FF_Z_SW2S 1 5.120000000000000e+02 0xffffffff
K1:VIS-PRM_SF_FF_Z_TRAMP 1 0.000000000000000e+00 1
K1:VIS-PRM_SF_LVDTINF_GAS_GAIN 1 1.000000000000000e+00 1
K1:VIS-PRM_SF_LVDTINF_GAS_LIMIT 1 0.000000000000000e+00 1
K1:VIS-PRM_SF_LVDTINF_GAS_OFFSET 1 0.000000000000000e+00 1
K1:VIS-PRM_SF_LVDTINF_GAS_SW1S 1 4.000000000000000e+00 0xffffffff
K1:VIS-PRM_SF_LVDTINF_GAS_SW2S 1 1.536000000000000e+03 0xffffffff
K1:VIS-PRM_SF_LVDTINF_GAS_TRAMP 1 0.000000000000000e+00 1
K1:VIS-PRM_SF_SC_Z_GAIN 1 0.000000000000000e+00 1
K1:VIS-PRM_SF_SC_Z_LIMIT 1 0.000000000000000e+00 1
K1:VIS-PRM_SF_SC_Z_OFFSET 1 0.000000000000000e+00 1
K1:VIS-PRM_SF_SC_Z_SW1S 1 4.000000000000000e+00 0xffffffff
K1:VIS-PRM_SF_SC_Z_SW2S 1 5.120000000000000e+02 0xffffffff
K1:VIS-PRM_SF_SC_Z_TRAMP 1 0.000000000000000e+00 1
K1:VIS-PRM_SF_SET_GAS_GAIN 1 1.000000000000000e+00 1
K1:VIS-PRM_SF_SET_GAS_LIMIT 1 0.000000000000000e+00 1
K1:VIS-PRM_SF_SET_GAS_OFFSET 1 4.350000000000000e+03 1
K1:VIS-PRM_SF_SET_GAS_SW1S 1 1.200000000000000e+01 0xffffffff
K1:VIS-PRM_SF_SET_GAS_SW2S 1 1.536000000000000e+03 0xffffffff
K1:VIS-PRM_SF_SET_GAS_TRAMP 1 0.000000000000000e+00 1
K1:VIS-PRM_SF_TEST_GAS_GAIN 1 0.000000000000000e+00 1
K1:VIS-PRM_SF_TEST_GAS_LIMIT 1 0.000000000000000e+00 1
K1:VIS-PRM_SF_TEST_GAS_OFFSET 1 0.000000000000000e+00 1
K1:VIS-PRM_SF_TEST_GAS_SW1S 1 4.000000000000000e+00 0xffffffff
K1:VIS-PRM_SF_TEST_GAS_SW2S 1 1.536000000000000e+03 0xffffffff
K1:VIS-PRM_SF_TEST_GAS_TRAMP 1 1.000000000000000e+01 1
K1:VIS-PRM_SF_WD_AC_BANDLIM_GAS_GAIN 1 1.000000000000000e+00 1
K1:VIS-PRM_SF_WD_AC_BANDLIM_GAS_LIMIT 1 0.000000000000000e+00 1
K1:VIS-PRM_SF_WD_AC_BANDLIM_GAS_OFFSET 1 0.000000000000000e+00 1
K1:VIS-PRM_SF_WD_AC_BANDLIM_GAS_SW1S 1 2.000000000000000e+01 0xffffffff
K1:VIS-PRM_SF_WD_AC_BANDLIM_GAS_SW2S 1 1.536000000000000e+03 0xffffffff
K1:VIS-PRM_SF_WD_AC_BANDLIM_GAS_TRAMP 1 0.000000000000000e+00 1
K1:VIS-PRM_SF_WD_AC_RMS_MAX 1 1.000000000000000e+04 1
K1:VIS-PRM_STEP_GAS_STATUS 1 0.000000000000000e+00 1
K1:VIS-PRM_STEP_IP_STATUS 1 0.000000000000000e+00 1
K1:VIS-PRM_TWR_DACKILL_BPSET 1 0.000000000000000e+00 1
K1:VIS-PRM_TWR_DACKILL_BPTIME 1 0.000000000000000e+00 1
K1:VIS-PRM_TWR_DACKILL_RESET 1 0.000000000000000e+00 1
K1:VIS-PRM_TWR_DACKILL_STATE 1 1.000000000000000e+00 1
K1:VIS-PRM_TWR_SHUTDOWN_RAMPT 1 0.000000000000000e+00 1
K1:FEC-55_DACDT_ENABLE 1 OFF 1
K1:VIS-PR0_BO_ENCODE_STEP_GAS_SW 1 OFF 1
K1:VIS-PRM_BF_SET_STATUS 1 OFF 1
K1:VIS-PRM_BF_TEST_STATUS 1 OFF 1
K1:VIS-PRM_BIO_ENCODE_BFH_WD_RSET 1 OFF 1
K1:VIS-PRM_BIO_ENCODE_BFV_WD_RSET 1 OFF 1
K1:VIS-PRM_BIO_ENCODE_GAS_WD_RSET 1 OFF 1
K1:VIS-PRM_MASTERSWITCH 1 ON 1
K1:VIS-PRM_SF_SET_STATUS 1 OFF 1
K1:VIS-PRM_SF_TEST_STATUS 1 OFF 1
K1:VIS-PRM_TWR_DACKILL_PANIC 1 NORMAL 1
K1:VIS-PRM_INSTALLED_DATE_TWR 1 \0 1
