--- Start BURT header
Time:     Wed Mar 23 11:33:57 2016
Login ID: controls (controls,,,)
Eff  UID: 1001
Group ID: 1001
Keywords: 
Comments: 
Type:     Absolute
Directory /home/controls/Documents/mbarton/vistools
Req File: /tmp/tmpF5BldW
--- End BURT header
K1:VIS-MCI_TM_OPTICALIGN_P_OFFSET 1 0.000000000000000e+00
K1:VIS-MCI_TM_OPTICALIGN_Y_OFFSET 1 0.000000000000000e+00
