--- Start BURT header
Time:     Wed Mar 23 11:27:21 2016
Login ID: controls (controls,,,)
Eff  UID: 1001
Group ID: 1001
Keywords: 
Comments: 
Type:     Absolute
Directory /home/controls/Documents/mbarton/vistools
Req File: /tmp/tmpoZVwHv
--- End BURT header
K1:VIS-PR3_IM_OPTICALIGN_P_OFFSET 1 2.242000000000000e+02
K1:VIS-PR3_IM_OPTICALIGN_Y_OFFSET 1 1.463000000000003e+02
K1:VIS-PR3_TM_OPTICALIGN_P_OFFSET 1 0.000000000000000e+00
K1:VIS-PR3_TM_OPTICALIGN_Y_OFFSET 1 0.000000000000000e+00
